"","x"
"1",460
"2",142
"3",491
"4",156
"5",498
"6",82
"7",198
"8",323
"9",481
"10",400
"11",212
"12",143
"13",461
"14",235
"15",24
"16",238
"17",356
"18",479
"19",378
"20",419
